------------------------------------------------------------
TimeQuest Timing Analyzer Summary
------------------------------------------------------------

Type  : Slow 1100mV 85C Model Setup 'KEY[0]'
Slack : -1.669
TNS   : -12.157

Type  : Slow 1100mV 85C Model Hold 'KEY[0]'
Slack : 0.521
TNS   : 0.000

Type  : Slow 1100mV 85C Model Minimum Pulse Width 'KEY[0]'
Slack : -0.394
TNS   : -7.644

Type  : Slow 1100mV 0C Model Setup 'KEY[0]'
Slack : -1.688
TNS   : -12.372

Type  : Slow 1100mV 0C Model Hold 'KEY[0]'
Slack : 0.498
TNS   : 0.000

Type  : Slow 1100mV 0C Model Minimum Pulse Width 'KEY[0]'
Slack : -0.394
TNS   : -7.076

Type  : Fast 1100mV 85C Model Setup 'KEY[0]'
Slack : -0.525
TNS   : -2.296

Type  : Fast 1100mV 85C Model Hold 'KEY[0]'
Slack : 0.295
TNS   : 0.000

Type  : Fast 1100mV 85C Model Minimum Pulse Width 'KEY[0]'
Slack : -0.341
TNS   : -3.927

Type  : Fast 1100mV 0C Model Setup 'KEY[0]'
Slack : -0.441
TNS   : -1.585

Type  : Fast 1100mV 0C Model Hold 'KEY[0]'
Slack : 0.267
TNS   : 0.000

Type  : Fast 1100mV 0C Model Minimum Pulse Width 'KEY[0]'
Slack : -0.320
TNS   : -3.674

------------------------------------------------------------
